--
-- NANVL
--
set extra_float_digits = 0;
--
-- normal values (binary_float / binary_double)
--
SELECT NANVL(1.5::binary_float, 2.5::binary_float);
 nanvl 
-------
 1.5
(1 row)

SELECT NANVL(1.5::binary_double, 2.5::binary_double);
 nanvl 
-------
 1.5
(1 row)

SELECT NANVL(-1.5::binary_float, 2.5::binary_float);
 nanvl 
-------
 -1.5
(1 row)

SELECT NANVL(0::binary_double, 2.5::binary_double);
 nanvl 
-------
 0
(1 row)

--
-- NaN path (core behavior)
--
SELECT NANVL('NaN'::binary_float, 2.5::binary_float);
 nanvl 
-------
 2.5
(1 row)

SELECT NANVL('NaN'::binary_double, 2.5::binary_double);
 nanvl 
-------
 2.5
(1 row)

-- expr2 is also NaN: only expr1 is checked
SELECT NANVL('NaN'::binary_float, 'NaN'::binary_float);
 nanvl 
-------
 Nan
(1 row)

--
-- Infinity is not NaN
--
SELECT NANVL('Infinity'::binary_float, 2.5::binary_float);
 nanvl 
-------
 Inf
(1 row)

SELECT NANVL('-Infinity'::binary_double, 2.5::binary_double);
 nanvl 
-------
 -Inf
(1 row)

--
-- NULL handling (STRICT: any NULL argument yields NULL)
--
SELECT NANVL(NULL::binary_float, 2.5::binary_float);
 nanvl 
-------
 
(1 row)

SELECT NANVL(1.5::binary_float, NULL::binary_float);
 nanvl 
-------
 
(1 row)

SELECT NANVL(NULL::binary_float, NULL::binary_float);
 nanvl 
-------
 
(1 row)

--
-- table column scenario (non-constant path)
--
CREATE TABLE nanvl_test_tbl (f1 binary_float, d1 binary_double);
INSERT INTO nanvl_test_tbl VALUES
	('NaN', 'NaN'),
	(1.1, 2.2),
	(NULL, NULL),
	('Infinity', '-Infinity');
SELECT f1, NANVL(f1, 0) FROM nanvl_test_tbl ORDER BY 1;
 f1  | nanvl 
-----+-------
 1.1 | 1.1
 Inf | Inf
 Nan | 0
     | 
(4 rows)

SELECT d1, NANVL(d1, 0) FROM nanvl_test_tbl ORDER BY 1;
  d1  | nanvl 
------+-------
 -Inf | -Inf
 2.2  | 2.2
 Nan  | 0
      | 
(4 rows)

DROP TABLE nanvl_test_tbl;
--
-- NUMBER overload
--
SELECT NANVL(1.23::number, 100);
 nanvl 
-------
 1.23
(1 row)

SELECT NANVL('NaN'::number, 100);
 nanvl 
-------
 100
(1 row)

SELECT NANVL(NULL::number, 100);
 nanvl 
-------
 
(1 row)

SELECT NANVL(1.23::number, NULL);
 nanvl 
-------
 
(1 row)

--
-- bare literal / implicit conversion overload resolution
--
SELECT NANVL(1, 2), pg_typeof(NANVL(1, 2));
 nanvl |   pg_typeof   
-------+---------------
 1     | binary_double
(1 row)

SELECT NANVL(1.5, 2.5), pg_typeof(NANVL(1.5, 2.5));
 nanvl |   pg_typeof   
-------+---------------
 1.5   | binary_double
(1 row)

SELECT NANVL('NaN', 100), pg_typeof(NANVL('NaN', 100));
 nanvl |   pg_typeof   
-------+---------------
 100   | binary_double
(1 row)

--
-- mismatched binary_float/binary_double: resolves via the existing
-- IMPLICIT cast (binary_float -> binary_double), not an error
--
SELECT NANVL(1.5::binary_float, 2.5::binary_double), pg_typeof(NANVL(1.5::binary_float, 2.5::binary_double));
 nanvl |   pg_typeof   
-------+---------------
 1.5   | binary_double
(1 row)

--
-- wrong number of arguments
--
SELECT NANVL(1.5::binary_float);--报错
ERROR:  function nanvl(binary_float) does not exist
LINE 1: SELECT NANVL(1.5::binary_float);
               ^
DETAIL:  No function of that name accepts the given number of arguments.
SELECT NANVL(1.5::binary_float, 2.5::binary_float, 3.5::binary_float);--报错
ERROR:  function nanvl(binary_float, binary_float, binary_float) does not exist
LINE 1: SELECT NANVL(1.5::binary_float, 2.5::binary_float, 3.5::bina...
               ^
DETAIL:  No function of that name accepts the given number of arguments.
SELECT NANVL();--报错
ERROR:  function nanvl() does not exist
LINE 1: SELECT NANVL();
               ^
DETAIL:  No function of that name accepts the given number of arguments.
